|-----------------------------------------------------------------------------------------------|
| PAT_NAME                                | RUN_DATE                      | RESULT              |
|-----------------------------------------------------------------------------------------------|
|apb_protocol_chek                        |17:13:36 Jul 21 2026           |PASSED               |
|-----------------------------------------------------------------------------------------------|
|apb_slverr_chk                           |17:13:38 Jul 21 2026           |PASSED               |
|-----------------------------------------------------------------------------------------------|
|apb_rw_chk                               |17:13:40 Jul 21 2026           |PASSED               |
|-----------------------------------------------------------------------------------------------|
|apb_unaligned_chk                        |17:13:42 Jul 21 2026           |PASSED               |
|-----------------------------------------------------------------------------------------------|
|cnt_control_chk                          |17:13:44 Jul 21 2026           |PASSED               |
|-----------------------------------------------------------------------------------------------|
|cnt_counting_chk                         |17:13:46 Jul 21 2026           |PASSED               |
|-----------------------------------------------------------------------------------------------|
|halt_chk                                 |17:13:48 Jul 21 2026           |PASSED               |
|-----------------------------------------------------------------------------------------------|
|interrupt_chk                            |17:13:49 Jul 21 2026           |PASSED               |
|-----------------------------------------------------------------------------------------------|
|reg_init_chk                             |17:13:51 Jul 21 2026           |PASSED               |
|-----------------------------------------------------------------------------------------------|
|reg_rw_chk                               |17:13:53 Jul 21 2026           |PASSED               |
|-----------------------------------------------------------------------------------------------|
|reg_reserved_chk                         |17:13:54 Jul 21 2026           |PASSED               |
|-----------------------------------------------------------------------------------------------|
|reg_strb_chk                             |17:13:56 Jul 21 2026           |PASSED               |
|-----------------------------------------------------------------------------------------------|
